// Jest Snapshot v1, https://goo.gl/fbAQLP

exports[`Merge request dashboard merge request component renders template 1`] = `
<tr
  class="gl-border-b"
>
  <td
    class="gl-align-top gl-pl-5 gl-pr-3 gl-py-4"
  >
    <gl-icon-stub
      name="dash"
      size="16"
      variant="current"
    />
  </td>
  <td
    class="gl-align-top gl-px-3 gl-py-4"
  >
    <approval-count-stub
      mergerequest="[object Object]"
    />
  </td>
  <td
    class="gl-align-top gl-px-3 gl-py-4"
  >
    <gl-link-stub
      class="gl-font-bold gl-text-default hover:gl-text-default"
    >
      Merge request title
    </gl-link-stub>
    <div
      class="gl-mb-2 gl-mt-2 gl-text-sm gl-text-subtle"
    >
      <gl-sprintf-stub
        message="%{reference} %{divider} created %{createdAt} by %{author} %{milestone}"
      />
    </div>
  </td>
  <td
    class="gl-align-top gl-px-3 gl-py-4"
  >
    <assigned-users-stub
      type="ASSIGNEES"
      users="[object Object]"
    />
  </td>
  <td
    class="gl-align-top gl-px-3 gl-py-4"
  >
    <assigned-users-stub
      type="REVIEWERS"
      users="[object Object],[object Object]"
    />
  </td>
  <td
    class="gl-align-top gl-pl-3 gl-pr-5 gl-py-4"
  >
    <div
      aria-label="5 comments, 100 file additions, 50 file deletions"
      class="gl-flex gl-gap-3 gl-justify-end"
      title="5 comments, 100 file additions, 50 file deletions"
    >
      <div
        class="gl-whitespace-nowrap"
      >
        <gl-icon-stub
          class="!gl-align-middle"
          name="comments"
          size="16"
          variant="current"
        />
        5
      </div>
      <div
        class="gl-whitespace-nowrap"
      >
        <gl-icon-stub
          name="doc-code"
          size="16"
          variant="current"
        />
        <span>
          1
        </span>
      </div>
      <div
        class="gl-flex gl-font-bold gl-items-center gl-text-success"
      >
        <span>
          +
        </span>
        <span>
          100
        </span>
      </div>
      <div
        class="gl-flex gl-font-bold gl-items-center gl-text-danger"
      >
        <span>
          âˆ’
        </span>
        <span>
          50
        </span>
      </div>
    </div>
    <div
      class="gl-mt-1 gl-text-right gl-text-sm gl-text-subtle"
    >
      <gl-sprintf-stub
        message="Updated %{updatedAt}"
      />
    </div>
  </td>
</tr>
`;

exports[`Merge request dashboard merge request component when newListsEnabled is true renders template 1`] = `
<tr
  class="gl-border-b"
>
  <td
    class="gl-align-top gl-pl-5 gl-pr-3 gl-py-4"
  >
    <status-badge-stub
      listid="returned_to_you"
      mergerequest="[object Object]"
    />
  </td>
  <td
    class="gl-align-top gl-px-3 gl-py-4"
  >
    <gl-link-stub
      class="gl-font-bold gl-text-default hover:gl-text-default"
    >
      Merge request title
    </gl-link-stub>
    <div
      class="gl-mb-2 gl-mt-2 gl-text-sm gl-text-subtle"
    >
      <gl-sprintf-stub
        message="%{reference} %{author} %{stats} %{milestone}"
      />
    </div>
  </td>
  <td
    class="gl-align-top gl-px-3 gl-py-4"
  >
    <assigned-users-stub
      type="ASSIGNEES"
      users="[object Object]"
    />
  </td>
  <td
    class="gl-align-top gl-px-3 gl-py-4"
  >
    <assigned-users-stub
      type="REVIEWERS"
      users="[object Object],[object Object]"
    />
  </td>
  <td
    class="gl-align-top gl-pl-3 gl-pr-5 gl-py-4"
  >
    <div
      class="gl-flex gl-gap-3 gl-justify-end"
    >
      <gl-icon-stub
        class="gl-mt-1"
        data-testid="mr-broken-badge"
        name="warning-solid"
        size="16"
        title="Cannot be merged automatically"
        variant="subtle"
      />
      <approval-count-stub
        mergerequest="[object Object]"
      />
    </div>
    <div
      class="gl-mt-1 gl-text-right gl-text-sm gl-text-subtle"
    >
      <gl-sprintf-stub
        message="Updated %{updatedAt}"
      />
    </div>
  </td>
</tr>
`;
