// Jest Snapshot v1, https://goo.gl/fbAQLP

exports[`IDE pipelines list when loaded renders empty state when no latestPipeline 1`] = `
<div
  class="ide-pipeline"
>
  <div
    class="gl-flex gl-flex-col gl-h-full gl-justify-center"
  >
    <empty-state-stub />
  </div>
</div>
`;
