// Jest Snapshot v1, https://goo.gl/fbAQLP

exports[`Delete merged branches component Delete merged branches confirmation modal matches snapshot 1`] = `
<div>
  <gl-base-dropdown-stub
    category="tertiary"
    class="gl-disclosure-dropdown gl-hidden md:!gl-block"
    icon="ellipsis_v"
    nocaret="true"
    offset="[object Object]"
    placement="bottom-end"
    positioningstrategy="absolute"
    size="medium"
    textsronly="true"
    toggleid="dropdown-toggle-btn-25"
    toggletext="More actions"
    variant="default"
  >
    <ul
      aria-labelledby="dropdown-toggle-btn-25"
      class="gl-new-dropdown-contents"
      data-testid="disclosure-content"
      id="reference-0"
      tabindex="-1"
    >
      <gl-disclosure-dropdown-item-stub
        item="[object Object]"
      />
    </ul>
  </gl-base-dropdown-stub>
  <b-button-stub
    class="btn-danger-secondary gl-block gl-button md:!gl-hidden"
    data-testid="delete-merged-branches-button"
    size="md"
    tag="button"
    type="button"
    variant="danger"
  >
    <span
      class="gl-button-text"
    >
      Delete merged branches
    </span>
  </b-button-stub>
  <div>
    <form
      action="/namespace/project/-/merged_branches"
      id="reference-1"
      method="post"
    >
      <p>
        You are about to
        <strong>
          delete all branches
        </strong>
        that were merged into
        <code>
          master
        </code>
        .
      </p>
      <p>
        This may include merged branches that are not visible on the current screen.
      </p>
      <p>
        A branch won't be deleted if it is protected or associated with an open merge request.
      </p>
      <p>
        This bulk action is
        <strong>
          permanent and cannot be undone or recovered
        </strong>
        .
      </p>
      <p>
        Please type the following to confirm:
        <code>
          delete
        </code>
        .
        <b-form-input-stub
          aria-labelledby="input-label"
          autocomplete="off"
          class="gl-form-input gl-form-input-sm gl-mt-2"
          debounce="0"
          formatter="[Function]"
          required="true"
          type="text"
          value=""
        />
      </p>
      <input
        name="_method"
        type="hidden"
        value="delete"
      />
      <input
        name="authenticity_token"
        type="hidden"
        value="mock-csrf-token"
      />
    </form>
    <div
      class="gl-flex gl-flex-row gl-flex-wrap gl-justify-end gl-m-0 gl-mr-3"
    >
      <b-button-stub
        class="gl-button"
        data-testid="delete-merged-branches-cancel-button"
        size="md"
        tag="button"
        type="button"
        variant="default"
      >
        <span
          class="gl-button-text"
        >
          Cancel
        </span>
      </b-button-stub>
      <b-button-stub
        class="gl-button"
        data-testid="delete-merged-branches-confirmation-button"
        disabled="true"
        form="delete-merged-branches-form"
        size="md"
        tag="button"
        type="submit"
        variant="danger"
      >
        <span
          class="gl-button-text"
        >
          Delete merged branches
        </span>
      </b-button-stub>
    </div>
  </div>
</div>
`;
