// Jest Snapshot v1, https://goo.gl/fbAQLP

exports[`History Item renders the correct markup 1`] = `
<li
  class="note-wrapper system-note timeline-entry"
>
  <div
    class="timeline-entry-inner"
  >
    <div
      class="-gl-mt-1 gl-bg-gray-50 gl-flex gl-float-left gl-h-6 gl-items-center gl-justify-center gl-ml-2 gl-rounded-full gl-text-subtle gl-w-6"
    >
      <gl-icon-stub
        name="pencil"
        size="16"
        variant="current"
      />
    </div>
    <div
      class="timeline-content"
    >
      <div
        class="note-header"
      >
        <div
          class="note-header-info"
        >
          <div
            data-testid="default-slot"
          />
        </div>
      </div>
      <div
        class="note-body"
      >
        <div
          data-testid="body-slot"
        />
      </div>
    </div>
  </div>
</li>
`;
