// Jest Snapshot v1, https://goo.gl/fbAQLP

exports[`Blob Header Filepath rendering matches the snapshot 1`] = `
<div
  class="file-header-content gl-flex gl-items-center gl-leading-1"
>
  <file-icon-stub
    aria-hidden="true"
    cssclasses="gl-mr-3"
    filemode=""
    filename="foo/bar/dummy.md"
    size="16"
  />
  <strong
    class="file-title-name gl-break-all gl-font-bold js-blob-header-filepath mr-1"
    data-testid="file-title-content"
  >
    foo/bar/dummy.md
  </strong>
  <clipboard-button-stub
    category="tertiary"
    cssclass="gl-mr-2"
    gfm="\`foo/bar/dummy.md\`"
    size="medium"
    text="foo/bar/dummy.md"
    title="Copy file path"
    tooltipplacement="top"
    variant="default"
  />
  <small
    class="gl-mr-3"
  >
    a lot
  </small>
</div>
`;
