// Jest Snapshot v1, https://goo.gl/fbAQLP

exports[`Snippet Description Edit component rendering matches the snapshot 1`] = `
<div
  class="form-group"
>
  <label
    for="reference-0"
  >
    Description (optional)
  </label>
  <div
    class="gfm-form js-vue-markdown-field md-area position-relative"
    data-uploads-path=""
  >
    <markdown-header-stub
      data-testid="markdownHeader"
      enablepreview="true"
      linecontent=""
      markdownpreviewpath="foo/"
      restrictedtoolbaritems=""
      suggestionstartindex="0"
      uploadspath=""
    />
    <div
      class="md-write-holder"
    >
      <div
        class="div-dropzone-wrapper zen-backdrop"
      >
        <div
          class="div-dropzone js-invalid-dropzone"
        >
          <textarea
            aria-label="Description"
            class="!gl-min-h-0 js-autosize js-gfm-input js-gfm-input-initialized markdown-area note-textarea"
            data-supports-quick-actions="false"
            data-testid="snippet-description-field"
            dir="auto"
            id="reference-0"
            placeholder="Describe what your snippet does or how to use itâ€¦"
            rows="3"
            style="overflow-x: hidden; word-wrap: break-word;"
          />
          <div
            class="div-dropzone-hover"
          >
            <svg
              class="div-dropzone-icon s24"
            >
              <use
                xlink:href="undefined#paperclip"
              />
            </svg>
          </div>
        </div>
        <a
          aria-label="Exit full screen"
          class="btn-default-tertiary btn-icon btn-sm gl-button js-zen-leave zen-control zen-control-leave"
          href="#"
          title="Exit full screen"
        >
          <gl-icon-stub
            name="minimize"
            size="24"
            variant="subtle"
          />
        </a>
        <markdown-toolbar-stub
          canattachfile="true"
          markdowndocspath="help/"
          showcommenttoolbar="true"
        />
      </div>
    </div>
    <div
      class="gl-px-5 js-vue-md-preview md-preview-holder"
      style="display: none;"
    >
      <div
        class="md"
      />
    </div>
  </div>
</div>
`;
